
> dailypick@0.0.1 dev
> wrangler dev


 ⛅️ wrangler 4.81.1 (update available 4.107.0)
──────────────────────────────────────────────
Your Worker has access to the following bindings:
Binding                                                          Resource            Mode
env.COLLABORATION_SESSION (CollaborationSession)                 Durable Object      local
env.BALL_GAME_SESSION (BallGameSession)                          Durable Object      local
env.MIMIC_GAME_SESSION (MimicGameSession)                        Durable Object      local
env.PLANNING_POKER_SESSION (PlanningPokerSession)                Durable Object      local
env.TWO_TRUTHS_AND_A_LIE_SESSION (TwoTruthsAndALieSession)       Durable Object      local
env.INTEGRATION_CONFIG (IntegrationConfig)                       Durable Object      local
env.MORALE_THERMOMETER_SESSION (MoraleThermometerSession)        Durable Object      local
env.RETRO_BOARD_SESSION (RetroBoardSession)                      Durable Object      local
env.SNOWBALL_FIGHT_SESSION (SnowballFightSession)                Durable Object      local

⎔ Starting local server...
[wrangler:info] Ready on http://localhost:8787
[wrangler:info] GET /apps/world-cup-trivia-challenge/ 200 OK (17ms)
[wrangler:info] GET /assets/css/theme.css 200 OK (9ms)
[wrangler:info] GET /assets/css/pwa-install.css 200 OK (10ms)
[wrangler:info] GET /apps/world-cup-trivia-challenge/style.css 200 OK (21ms)
[wrangler:info] GET /apps/world-cup-trivia-challenge/script.js 200 OK (20ms)
[wrangler:info] GET /assets/css/search.css 200 OK (24ms)
[wrangler:info] GET /assets/js/brand-theme-engine.js 200 OK (4ms)
[wrangler:info] GET /assets/js/brand-config.js 200 OK (4ms)
[wrangler:info] GET /assets/js/embed.js 200 OK (4ms)
[wrangler:info] GET /assets/favicon/apple-touch-icon.png 200 OK (5ms)
[wrangler:info] GET /assets/js/weather.js 200 OK (4ms)
[wrangler:info] GET /assets/js/search.js 200 OK (6ms)
[wrangler:info] GET /assets/favicon/android-chrome-192x192.png 200 OK (5ms)
[wrangler:info] GET /assets/js/cookie-consent.js 200 OK (3ms)
[wrangler:info] GET /assets/js/feature-tracking.js 200 OK (5ms)
[wrangler:info] GET /assets/js/presentation-mode.js 200 OK (7ms)
[wrangler:info] GET /assets/js/pwa-install.js 200 OK (5ms)
[wrangler:info] GET /assets/js/feedback-popup.js 200 OK (3ms)
[wrangler:info] GET /assets/css/glass.css 200 OK (5ms)
[wrangler:info] GET /assets/css/seo-card.css 200 OK (3ms)
[wrangler:info] GET /assets/css/feedback-popup.css 200 OK (5ms)
[wrangler:info] GET /assets/css/presentation-mode.css 200 OK (4ms)
[wrangler:info] GET /assets/css/standup-panel.css 200 OK (4ms)
[wrangler:info] GET /assets/css/local-brand-studio.css 200 OK (4ms)
[wrangler:info] GET /assets/css/embed.css 200 OK (8ms)
[wrangler:info] GET /assets/js/apps-data.json 200 OK (5ms)
[wrangler:info] GET /sw.js 200 OK (6ms)
[wrangler:info] GET / 200 OK (8ms)
[wrangler:info] GET /assets/css/theme.css 200 OK (13ms)
[wrangler:info] GET /assets/css/glass.css 200 OK (13ms)
[wrangler:info] GET /assets/favicon/android-chrome-192x192.png 200 OK (4ms)
[wrangler:info] GET /assets/favicon/android-chrome-512x512.png 200 OK (6ms)
[wrangler:info] GET /apps/would-you-rather/ 200 OK (5ms)
[wrangler:info] GET /assets/css/theme.css 200 OK (7ms)
[wrangler:info] GET /assets/css/pwa-install.css 200 OK (15ms)
[wrangler:info] GET /assets/css/search.css 200 OK (14ms)
[wrangler:info] GET /apps/would-you-rather/style.css 200 OK (15ms)
[wrangler:info] GET /assets/js/brand-theme-engine.js 200 OK (3ms)
[wrangler:info] GET /assets/js/brand-config.js 200 OK (3ms)
[wrangler:info] GET /assets/js/embed.js 200 OK (8ms)
[wrangler:info] GET /assets/favicon/apple-touch-icon.png 200 OK (8ms)
[wrangler:info] GET /assets/js/weather.js 200 OK (16ms)
[wrangler:info] GET /assets/favicon/android-chrome-192x192.png 200 OK (13ms)
[wrangler:info] GET /assets/js/search.js 200 OK (15ms)
[wrangler:info] GET /assets/js/cookie-consent.js 200 OK (18ms)
[wrangler:info] GET /assets/js/feature-tracking.js 200 OK (19ms)
[wrangler:info] GET /assets/js/presentation-mode.js 200 OK (19ms)
[wrangler:info] GET /assets/js/pwa-install.js 200 OK (20ms)
[wrangler:info] GET /assets/css/glass.css 200 OK (15ms)
[wrangler:info] GET /assets/js/feedback-popup.js 200 OK (17ms)
[wrangler:info] GET /assets/css/seo-card.css 200 OK (18ms)
[wrangler:info] GET /assets/css/feedback-popup.css 200 OK (11ms)
[wrangler:info] GET /assets/css/presentation-mode.css 200 OK (11ms)
[wrangler:info] GET /assets/css/standup-panel.css 200 OK (4ms)
[wrangler:info] GET /assets/css/local-brand-studio.css 200 OK (7ms)
[wrangler:info] GET /assets/css/embed.css 200 OK (6ms)
[wrangler:info] GET /assets/js/apps-data.json 200 OK (6ms)
[wrangler:info] GET /sw.js 200 OK (3ms)
[wrangler:info] GET / 200 OK (6ms)
[wrangler:info] GET /assets/css/theme.css 200 OK (18ms)
[wrangler:info] GET /assets/css/glass.css 200 OK (18ms)
[wrangler:info] GET /assets/favicon/android-chrome-192x192.png 200 OK (7ms)
[wrangler:info] GET /assets/favicon/android-chrome-512x512.png 200 OK (4ms)
[wrangler:info] GET /apps/yes-or-no-wheel/ 200 OK (6ms)
[wrangler:info] GET /assets/css/theme.css 200 OK (12ms)
[wrangler:info] GET /assets/css/pwa-install.css 200 OK (14ms)
[wrangler:info] GET /apps/yes-or-no-wheel/style.css 200 OK (13ms)
[wrangler:info] GET /assets/css/search.css 200 OK (19ms)
[wrangler:info] GET /assets/js/wheel-engine.js 200 OK (19ms)
[wrangler:info] GET /assets/js/brand-theme-engine.js 200 OK (4ms)
[wrangler:info] GET /assets/js/brand-config.js 200 OK (7ms)
[wrangler:info] GET /assets/js/embed.js 200 OK (6ms)
[wrangler:info] GET /assets/js/search.js 200 OK (8ms)
[wrangler:info] GET /assets/favicon/apple-touch-icon.png 200 OK (9ms)
[wrangler:info] GET /assets/js/weather.js 200 OK (9ms)
[wrangler:info] GET /assets/favicon/android-chrome-192x192.png 200 OK (14ms)
[wrangler:info] GET /assets/js/cookie-consent.js 200 OK (14ms)
[wrangler:info] GET /assets/js/feature-tracking.js 200 OK (10ms)
[wrangler:info] GET /assets/js/feedback-popup.js 200 OK (12ms)
[wrangler:info] GET /assets/js/presentation-mode.js 200 OK (12ms)
[wrangler:info] GET /assets/js/pwa-install.js 200 OK (13ms)
[wrangler:info] GET /apps/yes-or-no-wheel/local-brand-config.js 200 OK (16ms)
[wrangler:info] GET /assets/css/glass.css 200 OK (15ms)
[wrangler:info] GET /assets/js/local-brand-studio.js 200 OK (16ms)
[wrangler:info] GET /assets/css/seo-card.css 200 OK (16ms)
[wrangler:info] GET /assets/css/presentation-mode.css 200 OK (15ms)
[wrangler:info] GET /assets/css/feedback-popup.css 200 OK (17ms)
[wrangler:info] GET /assets/css/standup-panel.css 200 OK (11ms)
[wrangler:info] GET /assets/css/embed.css 200 OK (11ms)
[wrangler:info] GET /assets/css/local-brand-studio.css 200 OK (12ms)
[wrangler:info] GET /assets/js/apps-data.json 200 OK (6ms)
[wrangler:info] GET /sw.js 200 OK (10ms)
[wrangler:info] GET / 200 OK (5ms)
[wrangler:info] GET /assets/css/theme.css 200 OK (11ms)
[wrangler:info] GET /assets/css/glass.css 200 OK (11ms)
[wrangler:info] GET /assets/favicon/android-chrome-192x192.png 200 OK (6ms)
[wrangler:info] GET /assets/favicon/android-chrome-512x512.png 200 OK (13ms)
[wrangler:info] GET /apps/yes-or-no-wheel/ 200 OK (7ms)
[wrangler:info] GET /assets/css/theme.css 200 OK (8ms)
[wrangler:info] GET /apps/yes-or-no-wheel/style.css 200 OK (7ms)
[wrangler:info] GET /assets/css/pwa-install.css 200 OK (15ms)
[wrangler:info] GET /assets/js/wheel-engine.js 200 OK (14ms)
[wrangler:info] GET /assets/css/search.css 200 OK (15ms)
[wrangler:info] GET /assets/js/brand-theme-engine.js 200 OK (4ms)
[wrangler:info] GET /assets/js/brand-config.js 200 OK (6ms)
[wrangler:info] GET /assets/js/embed.js 200 OK (10ms)
[wrangler:info] GET /assets/favicon/apple-touch-icon.png 200 OK (7ms)
[wrangler:info] GET /assets/js/weather.js 200 OK (15ms)
[wrangler:info] GET /assets/favicon/android-chrome-192x192.png 200 OK (12ms)
[wrangler:info] GET /assets/js/search.js 200 OK (16ms)
[wrangler:info] GET /assets/js/cookie-consent.js 200 OK (14ms)
[wrangler:info] GET /assets/js/presentation-mode.js 200 OK (16ms)
[wrangler:info] GET /assets/js/pwa-install.js 200 OK (8ms)
[wrangler:info] GET /assets/js/feature-tracking.js 200 OK (17ms)
[wrangler:info] GET /assets/js/feedback-popup.js 200 OK (13ms)
[wrangler:info] GET /assets/js/local-brand-studio.js 200 OK (13ms)
[wrangler:info] GET /apps/yes-or-no-wheel/local-brand-config.js 200 OK (14ms)
[wrangler:info] GET /assets/css/glass.css 200 OK (14ms)
[wrangler:info] GET /assets/css/feedback-popup.css 200 OK (14ms)
[wrangler:info] GET /assets/css/seo-card.css 200 OK (15ms)
[wrangler:info] GET /assets/css/presentation-mode.css 200 OK (4ms)
[wrangler:info] GET /assets/css/standup-panel.css 200 OK (6ms)
[wrangler:info] GET /assets/css/local-brand-studio.css 200 OK (7ms)
[wrangler:info] GET /assets/css/embed.css 200 OK (3ms)
[wrangler:info] GET /assets/js/apps-data.json 200 OK (12ms)
[wrangler:info] GET /sw.js 200 OK (4ms)
[wrangler:info] GET / 200 OK (5ms)
[wrangler:info] GET /assets/css/theme.css 200 OK (11ms)
[wrangler:info] GET /assets/css/glass.css 200 OK (10ms)
[wrangler:info] GET /assets/favicon/android-chrome-192x192.png 200 OK (5ms)
[wrangler:info] GET /assets/favicon/android-chrome-512x512.png 200 OK (6ms)
[wrangler:info] GET /apps/would-you-rather/ 200 OK (5ms)
[wrangler:info] GET /assets/css/theme.css 200 OK (8ms)
[wrangler:info] GET /assets/css/pwa-install.css 200 OK (6ms)
[wrangler:info] GET /apps/would-you-rather/style.css 200 OK (10ms)
[wrangler:info] GET /assets/css/search.css 200 OK (10ms)
[wrangler:info] GET /assets/js/brand-theme-engine.js 200 OK (4ms)
[wrangler:info] GET /assets/js/brand-config.js 200 OK (4ms)
[wrangler:info] GET /assets/js/embed.js 200 OK (11ms)
[wrangler:info] GET /assets/favicon/apple-touch-icon.png 200 OK (9ms)
[wrangler:info] GET /assets/js/weather.js 200 OK (16ms)
[wrangler:info] GET /assets/favicon/android-chrome-192x192.png 200 OK (14ms)
[wrangler:info] GET /assets/js/search.js 200 OK (17ms)
[wrangler:info] GET /assets/js/cookie-consent.js 200 OK (19ms)
[wrangler:info] GET /assets/js/presentation-mode.js 200 OK (16ms)
[wrangler:info] GET /assets/js/feature-tracking.js 200 OK (16ms)
[wrangler:info] GET /assets/js/pwa-install.js 200 OK (8ms)
[wrangler:info] GET /assets/js/feedback-popup.js 200 OK (10ms)
[wrangler:info] GET /assets/css/seo-card.css 200 OK (10ms)
[wrangler:info] GET /assets/css/glass.css 200 OK (11ms)
[wrangler:info] GET /assets/css/feedback-popup.css 200 OK (11ms)
[wrangler:info] GET /assets/css/standup-panel.css 200 OK (10ms)
[wrangler:info] GET /assets/css/presentation-mode.css 200 OK (12ms)
[wrangler:info] GET /assets/css/local-brand-studio.css 200 OK (12ms)
[wrangler:info] GET /assets/css/embed.css 200 OK (11ms)
[wrangler:info] GET /assets/js/apps-data.json 200 OK (5ms)
[wrangler:info] GET /sw.js 200 OK (4ms)
[wrangler:info] GET / 200 OK (5ms)
[wrangler:info] GET /assets/css/theme.css 200 OK (11ms)
[wrangler:info] GET /assets/css/glass.css 200 OK (14ms)
[wrangler:info] GET /assets/favicon/android-chrome-512x512.png 200 OK (6ms)
[wrangler:info] GET /assets/favicon/android-chrome-192x192.png 200 OK (6ms)
[wrangler:info] GET /apps/world-cup-trivia-challenge/ 200 OK (8ms)
[wrangler:info] GET /assets/css/theme.css 200 OK (22ms)
[wrangler:info] GET /assets/css/pwa-install.css 200 OK (18ms)
[wrangler:info] GET /assets/css/search.css 200 OK (20ms)
[wrangler:info] GET /apps/world-cup-trivia-challenge/style.css 200 OK (28ms)
[wrangler:info] GET /apps/world-cup-trivia-challenge/script.js 200 OK (29ms)
[wrangler:info] GET /assets/js/brand-theme-engine.js 200 OK (13ms)
[wrangler:info] GET /assets/favicon/apple-touch-icon.png 200 OK (20ms)
[wrangler:info] GET /assets/js/brand-config.js 200 OK (23ms)
[wrangler:info] GET /assets/js/embed.js 200 OK (21ms)
[wrangler:info] GET /assets/js/weather.js 200 OK (24ms)
[wrangler:info] GET /assets/js/search.js 200 OK (19ms)
[wrangler:info] GET /assets/favicon/android-chrome-192x192.png 200 OK (18ms)
[wrangler:info] GET /assets/js/cookie-consent.js 200 OK (21ms)
[wrangler:info] GET /assets/js/presentation-mode.js 200 OK (20ms)
[wrangler:info] GET /assets/js/feature-tracking.js 200 OK (22ms)
[wrangler:info] GET /assets/js/pwa-install.js 200 OK (23ms)
[wrangler:info] GET /assets/js/feedback-popup.js 200 OK (24ms)
[wrangler:info] GET /assets/css/glass.css 200 OK (24ms)
[wrangler:info] GET /assets/css/seo-card.css 200 OK (15ms)
[wrangler:info] GET /assets/css/feedback-popup.css 200 OK (28ms)
[wrangler:info] GET /assets/css/standup-panel.css 200 OK (27ms)
[wrangler:info] GET /assets/css/presentation-mode.css 200 OK (28ms)
[wrangler:info] GET /assets/css/local-brand-studio.css 200 OK (32ms)
[wrangler:info] GET /assets/css/embed.css 200 OK (36ms)
[wrangler:info] GET /assets/js/apps-data.json 200 OK (13ms)
[wrangler:info] GET /sw.js 200 OK (6ms)
[wrangler:info] GET / 200 OK (14ms)
[wrangler:info] GET /assets/css/theme.css 200 OK (28ms)
[wrangler:info] GET /assets/css/glass.css 200 OK (28ms)
[wrangler:info] GET /assets/favicon/android-chrome-192x192.png 200 OK (18ms)
[wrangler:info] GET /assets/favicon/android-chrome-512x512.png 200 OK (9ms)
